{
  "A": [
    { "Index": 1 },
    { "Index": 2 },
    { "Index": 3 }
  ],
  "B": [
    { "Replace": true },
    { "Replace": false },
    { "Replace": "WrongValue" },
    { "HasReplace": true },
    { "Replace": true }
  ],
  "C": [
    1,
    2
  ],
  "D": [
    3,
    4
  ],
  "E": {
    "E1": [
      5,
      6
    ],
    "E2": [
      7,
      8
    ]
  }
}
