{
  "A": [
    4,
    5
  ],
  "B": [
    "string1",
    "string2",
    "string3",
    "string4",
    "string5"
  ]
}
