{
  "A": 1,
  "B": {
    "B1": 11,
    "B2": 12
  },
  "C": [
    {
      "Value": 31
    },
    {
      "Value": 32
    }
  ]
}