{
  "A": [
    { "Index": 1 },
    { "Index": 2 },
    { "Index": 3 }
  ],
  "B": [
    { "Remove": false },
    { "Remove": "WrongValue" },
    { "HasRemove": false }
  ]
}
