{
  "B": {
    "B2": 2
  },
  "C": {
    "C2": 2
  }
}
