{
  "A": {
  },
  "B": {
    "B1": 1
  },
  "C": {
    "C2": 2
  }
}
