{
  "A": null,
  "B": {
    "B1": 1,
    "B2": 2
  },
  "C": {
    "C1": null,
    "C2": 2
  }
}
