{
  "A": null,
  "B": {
    "B1": 1,
    "B2": 2
  },
  "C": {
    "C1": {
      "C11": true
    },
    "C2": 2
  }
}
