{
  "A": [
    1,
    { "Index": 2 },
    { "StringIndex": "03", "Replaced" :  true }
  ],
  "B": [
    { "Replace": true },
    { "Replace": false },
    { "Replace": "WrongValue" },
    { "HasReplace": true },
    { "Replace": true }
  ]
}
