{
  "A": [
    { "Index": 1 },
    { "Index": 2 },
    { "Index": 3 }
  ],
  "B": [
    { "Replaced": "Yes" },
    { "Replace": false },
    { "Replace": "WrongValue" },
    { "HasReplace": true },
    { "Replaced": "Yes" }
  ]
}
