{
  "A": {
    "A1": 1,
    "A2": 2
  },
  "B": {
    "1B": 10,
    "2B": 22
  },
  "C": {
    "C1": {
      "Value": 1
    },
    "C2": 2
  }
}
