{
  "A": 1,
  "B": {
    "B1": 1,
    "B2": 2
  },
  "C": [
    { "C1": { "C11": 1 } },
    { "C2": 2 }
  ]
}
