{
  "A": true,
  "B": 20,
  "C": {
    "C1": 1,
    "C2": 2
  }
}
