{
  "A": {
  },
  "B": {
    "B1": 1,
    "B2": 2
  },
  "C": {
    "C01": {
      "Cee11": true
    },
    "C2": 2
  }
}
