{
  "A": {
  },
  "Bee": {
    "B1": 1,
    "B2": 2
  },
  "Cstar": {
    "C01": {
      "C11": true
    },
    "C02": 2
  }
}
