{
  "Astar": 1,
  "B": true,
  "C": null,
  "Dee": "4"
}
