{
  "Astar": 1,
  "B": true,
  "NewC": null,
  "D": "4"
}
