{
  "A": null,
  "B": [
    "b-one",
    "b-two",
    "b-three",
    "b-four",
    "b-five"
  ]
}
