{
  "B": {
    "RemoveThis": false
  },
  "C": {
    "C1": 1,
    "C2": {
    }
  }
}