{
  "A": {
    "A1": "New"
  },
  "B": {
    "B1": 10,
    "B2": 2,
    "B3": 30
  },
  "C": {
    "C1": {
      "C11": true,
      "C12": false,
      "C13": [
        { "Name": "C131" },
        { "Name": "C132" }
      ]
    },
    "C2": 2,
    "C3": {
      "Added": true
    }
  }
}
