{
  "A": 1,
  "B": true,
  "C": null,
  "D": "4",
  "E": {
  },
  "F": {
    "F1": 1,
    "F2": true,
    "F3": "F3"
  },
  "G": {
    "G1": {
    },
    "G2": null,
    "G3": {
      "G31": 10,
      "G32": null
    }
  }
}
