{
  "A": 1,
  "B": true,
  "C": null,
  "D": "4",
  "E": true,
  "F": 6,
  "G": null,
  "H": "8"
}
