{
  "A": 10,
  "B": null,
  "C": "Replaced",
  "D": "4"
}
