{
  "A": {},
  "B": {
    "B1": 1,
    "B2": 2
  },
  "C": {
    "C1": {
      "C11": true
    },
    "C2": 2
  },
  "D": 4,
  "E": [
    { "E1": 5 },
    { "E2": 6 }
  ]
}
