{
  "A": 1,
  "B": {
    "B1": 1,
    "B2": 20,
    "B3": 3
  },
  "C": {
    "C1": {
      "C11": 1,
      "C12": 2
    },
    "C2": null
  }
}
