{
  "A": {},
  "B": {
    "B1": 1,
    "B2": {
      "B21": 1,
      "B22": 2
    }
  },
  "C": {
    "C1": {
      "C11": 1,
      "C12": 2
    },
    "C2": 2
  }
}
