{
  "A": {
    "A1": 1
  },
  "B": true,
  "C": {},
  "D": "4",
  "E": {
    "Added": true
  }
}
