{
  "A": 1,
  "B": false,
  "C": null,
  "D": "4",
  "E": "new",
  "F": 10
}
