{
  "A": "One",
  "B": true,
  "C": null,
  "D": "4"
}
